// Jest Snapshot v1, https://goo.gl/fbAQLP

exports[`Input renders correctly 1`] = `
<div>
  <label
    class="block"
  >
    <input
      class="input"
      type="text"
    />
  </label>
</div>
`;
